// Jest Snapshot v1, https://goo.gl/fbAQLP

exports[`Component/SelectFileButton test Should match snapshot 1`] = `
<div
  className="styled__Wrapper-sc-23o88-0 dWCXYo"
>
  <input
    id="file"
    multiple={true}
    name="file"
    onChange={[Function]}
    type="file"
  />
  <label
    htmlFor="file"
  >
    +
    <span
      className="styled__IconWrapper-sc-23o88-1 ihOaOX"
    >
      <span
        aria-label="picture"
        className="anticon anticon-picture"
        role="img"
      >
        <svg
          aria-hidden="true"
          data-icon="picture"
          fill="currentColor"
          focusable="false"
          height="1em"
          viewBox="64 64 896 896"
          width="1em"
        >
          <path
            d="M928 160H96c-17.7 0-32 14.3-32 32v640c0 17.7 14.3 32 32 32h832c17.7 0 32-14.3 32-32V192c0-17.7-14.3-32-32-32zm-40 632H136v-39.9l138.5-164.3 150.1 178L658.1 489 888 761.6V792zm0-129.8L664.2 396.8c-3.2-3.8-9-3.8-12.2 0L424.6 666.4l-144-170.7c-3.2-3.8-9-3.8-12.2 0L136 652.7V232h752v430.2zM304 456a88 88 0 100-176 88 88 0 000 176zm0-116c15.5 0 28 12.5 28 28s-12.5 28-28 28-28-12.5-28-28 12.5-28 28-28z"
          />
        </svg>
      </span>
    </span>
    Select Photos
  </label>
</div>
`;
